---
source: milli/src/update/prefix_word_pairs/mod.rs
---
2  a    5                [101, ]
2  a    amazing          [100, ]
2  a    an               [100, 202, ]
2  a    and              [100, ]
2  a    beautiful        [100, ]
2  a    extraordinary    [202, ]
2  am   and              [100, ]
2  an   amazing          [100, ]
2  an   beautiful        [100, ]
2  an   extraordinary    [202, ]
2  b    house            [100, ]
2  b    rings            [101, ]
2  be   house            [100, ]
2  be   rings            [101, ]
3  a    5                [101, ]
3  a    am               [101, ]
3  a    amazing          [100, ]
3  a    an               [100, ]
3  a    and              [100, ]
3  a    at               [100, 202, ]
3  a    beautiful        [100, ]
3  a    extraordinary    [202, ]
3  a    house            [100, 202, ]
3  a    rings            [101, ]
3  am   5                [101, ]
3  am   an               [100, ]
3  am   beautiful        [100, ]
3  an   amazing          [100, ]
3  an   and              [100, ]
3  an   at               [100, 202, ]
3  an   house            [100, 202, ]
3  b    and              [100, ]
3  b    at               [101, ]
3  b    the              [101, ]
3  be   and              [100, ]
3  be   at               [101, ]
3  be   the              [101, ]

