---
source: milli/src/update/prefix_word_pairs/mod.rs
---
fb88e49fd666886731b62baef8f44995
