---
source: milli/src/update/prefix_word_pairs/mod.rs
---
6965ecd1bf821f1cf921c2ab751b36cf
