---
source: index-scheduler/src/lib.rs
---
### Autobatching Enabled = true
### Processing Tasks:
[]
----------------------------------------------------------------------
### All Tasks:
6 {uid: 6, status: succeeded, details: { matched_tasks: 2, deleted_tasks: Some(2), original_filter: "?from=5,limit=2,status=succeeded,failed,canceled" }, kind: TaskDeletion { query: "?from=5,limit=2,status=succeeded,failed,canceled", tasks: RoaringBitmap<[3, 5]> }}
----------------------------------------------------------------------
### Status:
enqueued []
succeeded [6,]
failed []
----------------------------------------------------------------------
### Kind:
"indexCreation" []
"taskDeletion" [6,]
----------------------------------------------------------------------
### Index Tasks:
----------------------------------------------------------------------
### Index Mapper:
doggo: { number_of_documents: 0, field_distribution: {} }

----------------------------------------------------------------------
### Canceled By:

----------------------------------------------------------------------
### Enqueued At:
[timestamp] [6,]
----------------------------------------------------------------------
### Started At:
[timestamp] [6,]
----------------------------------------------------------------------
### Finished At:
[timestamp] [6,]
----------------------------------------------------------------------
### File Store:

----------------------------------------------------------------------

