---
source: milli/src/update/word_prefix_pair_proximity_docids.rs
---
fb88e49fd666886731b62baef8f44995
